../minimp3-master/minimp3.h:241:13:bs_init	24	static
../minimp3-master/minimp3.h:248:17:get_bits	40	static
../minimp3-master/minimp3.h:264:12:hdr_valid	16	static
../minimp3-master/minimp3.h:273:12:hdr_compare	16	static
../minimp3-master/minimp3.h:281:17:hdr_bitrate_kbps	16	static
../minimp3-master/minimp3.h:290:17:hdr_sample_rate_hz	16	static
../minimp3-master/minimp3.h:296:17:hdr_frame_samples	16	static
../minimp3-master/minimp3.h:301:12:hdr_frame_bytes	32	static
../minimp3-master/minimp3.h:311:12:hdr_padding	16	static
../minimp3-master/minimp3.h:317:35:L12_subband_alloc_table	40	static
../minimp3-master/minimp3.h:362:13:L12_read_scalefactors	48	static
../minimp3-master/minimp3.h:386:13:L12_read_scale_info	56	static
../minimp3-master/minimp3.h:434:12:L12_dequantize_granule	64	static
../minimp3-master/minimp3.h:469:13:L12_apply_scf_384	32	static
../minimp3-master/minimp3.h:484:12:L3_read_side_info	48	static
../minimp3-master/minimp3.h:609:13:L3_read_scalefactors	48	static
../minimp3-master/minimp3.h:642:14:L3_ldexp_q2	24	static
../minimp3-master/minimp3.h:654:13:L3_decode_scalefactors	136	static
../minimp3-master/minimp3.h:721:14:L3_pow_43	32	static
../minimp3-master/minimp3.h:742:13:L3_huffman	120	static
../minimp3-master/minimp3.h:879:13:L3_midside_stereo	32	static
../minimp3-master/minimp3.h:911:13:L3_intensity_stereo_band	32	static
../minimp3-master/minimp3.h:921:13:L3_stereo_top_band	32	static
../minimp3-master/minimp3.h:941:13:L3_stereo_process	48	static
../minimp3-master/minimp3.h:975:13:L3_intensity_stereo	72	static
../minimp3-master/minimp3.h:995:13:L3_reorder	40	static
../minimp3-master/minimp3.h:1012:13:L3_antialias	32	static
../minimp3-master/minimp3.h:1047:13:L3_dct3_9	64	static
../minimp3-master/minimp3.h:1087:13:L3_imdct36	112	static
../minimp3-master/minimp3.h:1144:13:L3_idct3	32	static
../minimp3-master/minimp3.h:1153:13:L3_imdct12	64	static
../minimp3-master/minimp3.h:1173:13:L3_imdct_short	96	static
../minimp3-master/minimp3.h:1186:13:L3_change_sign	24	static
../minimp3-master/minimp3.h:1194:13:L3_imdct_gr	24	static
../minimp3-master/minimp3.h:1212:13:L3_save_reservoir	24	static
../minimp3-master/minimp3.h:1228:12:L3_restore_reservoir	32	static
../minimp3-master/minimp3.h:1238:13:L3_decode	56	static
../minimp3-master/minimp3.h:1274:13:mp3d_DCT_II	232	static
../minimp3-master/minimp3.h:1430:16:mp3d_scale_pcm	32	static,ignoring_inline_asm
../minimp3-master/minimp3.h:1451:13:mp3d_synth_pair	40	static
../minimp3-master/minimp3.h:1476:13:mp3d_synth	248	static
../minimp3-master/minimp3.h:1629:13:mp3d_synth_granule	32	static
../minimp3-master/minimp3.h:1657:12:mp3d_match_frame	40	static
../minimp3-master/minimp3.h:1671:12:mp3d_find_frame	48	static
../minimp3-master/minimp3.h:1708:6:mp3dec_init	16	static
../minimp3-master/minimp3.h:1713:5:mp3dec_decode_frame	17216	static
../USBX/App/ux_host_audio.c:71:13:audio_transfer_complete	16	static
../USBX/App/ux_host_audio.c:76:13:wav_parse_header	80	static
../USBX/App/ux_host_audio.c:153:13:audio_stream_wav	72	static
../USBX/App/ux_host_audio.c:230:13:str_ends_with_wav	24	static
../USBX/App/ux_host_audio.c:243:13:str_ends_with_mp3	24	static
../USBX/App/ux_host_audio.c:258:13:audio_stream_mp3	15496	static
../USBX/App/ux_host_audio.c:380:6:audio_playback_wav_files	816	static
