../Middlewares/ST/usbx/common/usbx_host_classes/src/ux_host_class_audio_raw_sampling_parse.c:128:6:_ux_host_class_audio_raw_sampling_parse	24	static
../Middlewares/ST/usbx/common/usbx_host_classes/src/ux_host_class_audio_raw_sampling_parse.c:156:13:_ux_host_class_audio10_sam_parse_func	72	static
../Middlewares/ST/usbx/common/usbx_host_classes/src/ux_host_class_audio_raw_sampling_parse.c:243:20:_ux_host_class_audio10_sampling_parse	40	static
../Middlewares/ST/usbx/common/usbx_host_classes/src/ux_host_class_audio_raw_sampling_parse.c:269:14:_ux_host_class_audio_ac_find_parse	32	static
../Middlewares/ST/usbx/common/usbx_host_classes/src/ux_host_class_audio_raw_sampling_parse.c:301:15:_ux_host_class_audio_ac_find	32	static
../Middlewares/ST/usbx/common/usbx_host_classes/src/ux_host_class_audio_raw_sampling_parse.c:319:20:_ux_host_class_audio20_clock_get	64	static
../Middlewares/ST/usbx/common/usbx_host_classes/src/ux_host_class_audio_raw_sampling_parse.c:532:13:_ux_host_class_audio20_sam_parse_func	120	static
../Middlewares/ST/usbx/common/usbx_host_classes/src/ux_host_class_audio_raw_sampling_parse.c:722:20:_ux_host_class_audio20_sampling_parse	48	static
../Middlewares/ST/usbx/common/usbx_host_classes/src/ux_host_class_audio_raw_sampling_parse.c:794:6:_uxe_host_class_audio_raw_sampling_parse	24	static
